// Jest Snapshot v1, https://goo.gl/fbAQLP

exports[`Avatar Should render correctly with more than two names 1`] = `
.c0 {
  display: -webkit-box;
  display: -webkit-flex;
  display: -ms-flexbox;
  display: flex;
  -webkit-align-items: center;
  -webkit-box-align: center;
  -ms-flex-align: center;
  align-items: center;
  -webkit-box-pack: center;
  -webkit-justify-content: center;
  -ms-flex-pack: center;
  justify-content: center;
  width: 50px;
  height: 50px;
  border-radius: 100%;
  background-color: #f2295b;
  color: #fff;
  font-size: 40px;
}

<div>
  <div
    class="c0"
  >
    LD
  </div>
</div>
`;

exports[`Avatar Should render correctly with single name 1`] = `
.c0 {
  display: -webkit-box;
  display: -webkit-flex;
  display: -ms-flexbox;
  display: flex;
  -webkit-align-items: center;
  -webkit-box-align: center;
  -ms-flex-align: center;
  align-items: center;
  -webkit-box-pack: center;
  -webkit-justify-content: center;
  -ms-flex-pack: center;
  justify-content: center;
  width: 50px;
  height: 50px;
  border-radius: 100%;
  background-color: #f2295b;
  color: #fff;
  font-size: 40px;
}

<div>
  <div
    class="c0"
  >
    LO
  </div>
</div>
`;

exports[`Avatar Should render correctly with space after name 1`] = `
.c0 {
  display: -webkit-box;
  display: -webkit-flex;
  display: -ms-flexbox;
  display: flex;
  -webkit-align-items: center;
  -webkit-box-align: center;
  -ms-flex-align: center;
  align-items: center;
  -webkit-box-pack: center;
  -webkit-justify-content: center;
  -ms-flex-pack: center;
  justify-content: center;
  width: 50px;
  height: 50px;
  border-radius: 100%;
  background-color: #f2295b;
  color: #fff;
  font-size: 40px;
}

<div>
  <div
    class="c0"
  >
    LO
  </div>
</div>
`;

exports[`Avatar Should render correctly without image 1`] = `
.c0 {
  display: -webkit-box;
  display: -webkit-flex;
  display: -ms-flexbox;
  display: flex;
  -webkit-align-items: center;
  -webkit-box-align: center;
  -ms-flex-align: center;
  align-items: center;
  -webkit-box-pack: center;
  -webkit-justify-content: center;
  -ms-flex-pack: center;
  justify-content: center;
  width: 50px;
  height: 50px;
  border-radius: 100%;
  background-color: #f2295b;
  color: #fff;
  font-size: 40px;
}

<div>
  <div
    class="c0"
  >
    LI
  </div>
</div>
`;
